Analysis & Synthesis report for Simple_Processor
Mon Jun 12 18:29:11 2023
Quartus II 64-Bit Version 13.0.1 Build 232 06/12/2013 Service Pack 1 SJ Web Edition


---------------------
; Table of Contents ;
---------------------
  1. Legal Notice
  2. Analysis & Synthesis Summary
  3. Analysis & Synthesis Settings
  4. Parallel Compilation
  5. Analysis & Synthesis Source Files Read
  6. Analysis & Synthesis Resource Usage Summary
  7. Analysis & Synthesis Resource Utilization by Entity
  8. General Register Statistics
  9. Multiplexer Restructuring Statistics (Restructuring Performed)
 10. Elapsed Time Per Partition
 11. Analysis & Synthesis Messages



----------------
; Legal Notice ;
----------------
Copyright (C) 1991-2013 Altera Corporation
Your use of Altera Corporation's design tools, logic functions 
and other software and tools, and its AMPP partner logic 
functions, and any output files from any of the foregoing 
(including device programming or simulation files), and any 
associated documentation or information are expressly subject 
to the terms and conditions of the Altera Program License 
Subscription Agreement, Altera MegaCore Function License 
Agreement, or other applicable license agreement, including, 
without limitation, that your use is for the sole purpose of 
programming logic devices manufactured by Altera and sold by 
Altera or its authorized distributors.  Please refer to the 
applicable agreement for further details.



+--------------------------------------------------------------------------------------+
; Analysis & Synthesis Summary                                                         ;
+------------------------------------+-------------------------------------------------+
; Analysis & Synthesis Status        ; Successful - Mon Jun 12 18:29:11 2023           ;
; Quartus II 64-Bit Version          ; 13.0.1 Build 232 06/12/2013 SP 1 SJ Web Edition ;
; Revision Name                      ; Simple_Processor                                ;
; Top-level Entity Name              ; Simple_Processor                                ;
; Family                             ; Cyclone II                                      ;
; Total logic elements               ; 122                                             ;
;     Total combinational functions  ; 98                                              ;
;     Dedicated logic registers      ; 44                                              ;
; Total registers                    ; 44                                              ;
; Total pins                         ; 19                                              ;
; Total virtual pins                 ; 0                                               ;
; Total memory bits                  ; 0                                               ;
; Embedded Multiplier 9-bit elements ; 0                                               ;
; Total PLLs                         ; 0                                               ;
+------------------------------------+-------------------------------------------------+


+----------------------------------------------------------------------------------------------------------------------+
; Analysis & Synthesis Settings                                                                                        ;
+----------------------------------------------------------------------------+--------------------+--------------------+
; Option                                                                     ; Setting            ; Default Value      ;
+----------------------------------------------------------------------------+--------------------+--------------------+
; Device                                                                     ; EP2C35F672C6       ;                    ;
; Top-level entity name                                                      ; Simple_Processor   ; Simple_Processor   ;
; Family name                                                                ; Cyclone II         ; Cyclone IV GX      ;
; Use smart compilation                                                      ; Off                ; Off                ;
; Enable parallel Assembler and TimeQuest Timing Analyzer during compilation ; On                 ; On                 ;
; Enable compact report table                                                ; Off                ; Off                ;
; Restructure Multiplexers                                                   ; Auto               ; Auto               ;
; Create Debugging Nodes for IP Cores                                        ; Off                ; Off                ;
; Preserve fewer node names                                                  ; On                 ; On                 ;
; Disable OpenCore Plus hardware evaluation                                  ; Off                ; Off                ;
; Verilog Version                                                            ; Verilog_2001       ; Verilog_2001       ;
; VHDL Version                                                               ; VHDL_1993          ; VHDL_1993          ;
; State Machine Processing                                                   ; Auto               ; Auto               ;
; Safe State Machine                                                         ; Off                ; Off                ;
; Extract Verilog State Machines                                             ; On                 ; On                 ;
; Extract VHDL State Machines                                                ; On                 ; On                 ;
; Ignore Verilog initial constructs                                          ; Off                ; Off                ;
; Iteration limit for constant Verilog loops                                 ; 5000               ; 5000               ;
; Iteration limit for non-constant Verilog loops                             ; 250                ; 250                ;
; Add Pass-Through Logic to Inferred RAMs                                    ; On                 ; On                 ;
; Infer RAMs from Raw Logic                                                  ; On                 ; On                 ;
; Parallel Synthesis                                                         ; On                 ; On                 ;
; DSP Block Balancing                                                        ; Auto               ; Auto               ;
; NOT Gate Push-Back                                                         ; On                 ; On                 ;
; Power-Up Don't Care                                                        ; On                 ; On                 ;
; Remove Redundant Logic Cells                                               ; Off                ; Off                ;
; Remove Duplicate Registers                                                 ; On                 ; On                 ;
; Ignore CARRY Buffers                                                       ; Off                ; Off                ;
; Ignore CASCADE Buffers                                                     ; Off                ; Off                ;
; Ignore GLOBAL Buffers                                                      ; Off                ; Off                ;
; Ignore ROW GLOBAL Buffers                                                  ; Off                ; Off                ;
; Ignore LCELL Buffers                                                       ; Off                ; Off                ;
; Ignore SOFT Buffers                                                        ; On                 ; On                 ;
; Limit AHDL Integers to 32 Bits                                             ; Off                ; Off                ;
; Optimization Technique                                                     ; Balanced           ; Balanced           ;
; Carry Chain Length                                                         ; 70                 ; 70                 ;
; Auto Carry Chains                                                          ; On                 ; On                 ;
; Auto Open-Drain Pins                                                       ; On                 ; On                 ;
; Perform WYSIWYG Primitive Resynthesis                                      ; Off                ; Off                ;
; Auto ROM Replacement                                                       ; On                 ; On                 ;
; Auto RAM Replacement                                                       ; On                 ; On                 ;
; Auto Shift Register Replacement                                            ; Auto               ; Auto               ;
; Allow Shift Register Merging across Hierarchies                            ; Auto               ; Auto               ;
; Auto Clock Enable Replacement                                              ; On                 ; On                 ;
; Strict RAM Replacement                                                     ; Off                ; Off                ;
; Allow Synchronous Control Signals                                          ; On                 ; On                 ;
; Force Use of Synchronous Clear Signals                                     ; Off                ; Off                ;
; Auto RAM to Logic Cell Conversion                                          ; Off                ; Off                ;
; Auto Resource Sharing                                                      ; Off                ; Off                ;
; Allow Any RAM Size For Recognition                                         ; Off                ; Off                ;
; Allow Any ROM Size For Recognition                                         ; Off                ; Off                ;
; Allow Any Shift Register Size For Recognition                              ; Off                ; Off                ;
; Use LogicLock Constraints during Resource Balancing                        ; On                 ; On                 ;
; Ignore translate_off and synthesis_off directives                          ; Off                ; Off                ;
; Timing-Driven Synthesis                                                    ; Off                ; Off                ;
; Report Parameter Settings                                                  ; On                 ; On                 ;
; Report Source Assignments                                                  ; On                 ; On                 ;
; Report Connectivity Checks                                                 ; On                 ; On                 ;
; Ignore Maximum Fan-Out Assignments                                         ; Off                ; Off                ;
; Synchronization Register Chain Length                                      ; 2                  ; 2                  ;
; PowerPlay Power Optimization                                               ; Normal compilation ; Normal compilation ;
; HDL message level                                                          ; Level2             ; Level2             ;
; Suppress Register Optimization Related Messages                            ; Off                ; Off                ;
; Number of Removed Registers Reported in Synthesis Report                   ; 5000               ; 5000               ;
; Number of Swept Nodes Reported in Synthesis Report                         ; 5000               ; 5000               ;
; Number of Inverted Registers Reported in Synthesis Report                  ; 100                ; 100                ;
; Clock MUX Protection                                                       ; On                 ; On                 ;
; Auto Gated Clock Conversion                                                ; Off                ; Off                ;
; Block Design Naming                                                        ; Auto               ; Auto               ;
; SDC constraint protection                                                  ; Off                ; Off                ;
; Synthesis Effort                                                           ; Auto               ; Auto               ;
; Shift Register Replacement - Allow Asynchronous Clear Signal               ; On                 ; On                 ;
; Pre-Mapping Resynthesis Optimization                                       ; Off                ; Off                ;
; Analysis & Synthesis Message Level                                         ; Medium             ; Medium             ;
; Disable Register Merging Across Hierarchies                                ; Auto               ; Auto               ;
; Resource Aware Inference For Block RAM                                     ; On                 ; On                 ;
; Synthesis Seed                                                             ; 1                  ; 1                  ;
+----------------------------------------------------------------------------+--------------------+--------------------+


Parallel compilation was disabled, but you have multiple processors available. Enable parallel compilation to reduce compilation time.
+-------------------------------------+
; Parallel Compilation                ;
+----------------------------+--------+
; Processors                 ; Number ;
+----------------------------+--------+
; Number detected on machine ; 12     ;
; Maximum allowed            ; 1      ;
+----------------------------+--------+


+--------------------------------------------------------------------------------------------------------------------------------------------------------------------------------------------------+
; Analysis & Synthesis Source Files Read                                                                                                                                                           ;
+----------------------------------+-----------------+------------------------------------+----------------------------------------------------------------------------------------------+---------+
; File Name with User-Entered Path ; Used in Netlist ; File Type                          ; File Name with Absolute Path                                                                 ; Library ;
+----------------------------------+-----------------+------------------------------------+----------------------------------------------------------------------------------------------+---------+
; PRESENT_STATE.bdf                ; yes             ; User Block Diagram/Schematic File  ; D:/University/THIET_KE_LUAN_LY_SO/TH/Lab4_5_6/Quartus_Design/PRESENT_STATE.bdf               ;         ;
; OUTPUT.bdf                       ; yes             ; User Block Diagram/Schematic File  ; D:/University/THIET_KE_LUAN_LY_SO/TH/Lab4_5_6/Quartus_Design/OUTPUT.bdf                      ;         ;
; NEXT_STATE.bdf                   ; yes             ; User Block Diagram/Schematic File  ; D:/University/THIET_KE_LUAN_LY_SO/TH/Lab4_5_6/Quartus_Design/NEXT_STATE.bdf                  ;         ;
; REGISTER.bdf                     ; yes             ; User Block Diagram/Schematic File  ; D:/University/THIET_KE_LUAN_LY_SO/TH/Lab4_5_6/Quartus_Design/REGISTER.bdf                    ;         ;
; DECODER_2_TO_4.bdf               ; yes             ; User Block Diagram/Schematic File  ; D:/University/THIET_KE_LUAN_LY_SO/TH/Lab4_5_6/Quartus_Design/DECODER_2_TO_4.bdf              ;         ;
; Register_File_Cell.bdf           ; yes             ; User Block Diagram/Schematic File  ; D:/University/THIET_KE_LUAN_LY_SO/TH/Lab4_5_6/Quartus_Design/Register_File_Cell.bdf          ;         ;
; MUX51_8BIT.bdf                   ; yes             ; User Block Diagram/Schematic File  ; D:/University/THIET_KE_LUAN_LY_SO/TH/Lab4_5_6/Quartus_Design/MUX51_8BIT.bdf                  ;         ;
; MUL8.bdf                         ; yes             ; User Block Diagram/Schematic File  ; D:/University/THIET_KE_LUAN_LY_SO/TH/Lab4_5_6/Quartus_Design/MUL8.bdf                        ;         ;
; MUL0.bdf                         ; yes             ; User Block Diagram/Schematic File  ; D:/University/THIET_KE_LUAN_LY_SO/TH/Lab4_5_6/Quartus_Design/MUL0.bdf                        ;         ;
; MUX21_8BIT.bdf                   ; yes             ; User Block Diagram/Schematic File  ; D:/University/THIET_KE_LUAN_LY_SO/TH/Lab4_5_6/Quartus_Design/MUX21_8BIT.bdf                  ;         ;
; MUX21.bdf                        ; yes             ; User Block Diagram/Schematic File  ; D:/University/THIET_KE_LUAN_LY_SO/TH/Lab4_5_6/Quartus_Design/MUX21.bdf                       ;         ;
; FULL_ADDER.bdf                   ; yes             ; User Block Diagram/Schematic File  ; D:/University/THIET_KE_LUAN_LY_SO/TH/Lab4_5_6/Quartus_Design/FULL_ADDER.bdf                  ;         ;
; ADDER_8_BIT.bdf                  ; yes             ; User Block Diagram/Schematic File  ; D:/University/THIET_KE_LUAN_LY_SO/TH/Lab4_5_6/Quartus_Design/ADDER_8_BIT.bdf                 ;         ;
; MUX41_1BIT.bdf                   ; yes             ; User Block Diagram/Schematic File  ; D:/University/THIET_KE_LUAN_LY_SO/TH/Lab4_5_6/Quartus_Design/MUX41_1BIT.bdf                  ;         ;
; MUX41_8BIT.bdf                   ; yes             ; User Block Diagram/Schematic File  ; D:/University/THIET_KE_LUAN_LY_SO/TH/Lab4_5_6/Quartus_Design/MUX41_8BIT.bdf                  ;         ;
; MUL1.bdf                         ; yes             ; User Block Diagram/Schematic File  ; D:/University/THIET_KE_LUAN_LY_SO/TH/Lab4_5_6/Quartus_Design/MUL1.bdf                        ;         ;
; MULTIPLY.bdf                     ; yes             ; User Block Diagram/Schematic File  ; D:/University/THIET_KE_LUAN_LY_SO/TH/Lab4_5_6/Quartus_Design/MULTIPLY.bdf                    ;         ;
; SL3.bdf                          ; yes             ; User Block Diagram/Schematic File  ; D:/University/THIET_KE_LUAN_LY_SO/TH/Lab4_5_6/Quartus_Design/SL3.bdf                         ;         ;
; ALU.bdf                          ; yes             ; User Block Diagram/Schematic File  ; D:/University/THIET_KE_LUAN_LY_SO/TH/Lab4_5_6/Quartus_Design/ALU.bdf                         ;         ;
; Register_File_1X8.bdf            ; yes             ; User Block Diagram/Schematic File  ; D:/University/THIET_KE_LUAN_LY_SO/TH/Lab4_5_6/Quartus_Design/Register_File_1X8.bdf           ;         ;
; Register_File_4X8.bdf            ; yes             ; User Block Diagram/Schematic File  ; D:/University/THIET_KE_LUAN_LY_SO/TH/Lab4_5_6/Quartus_Design/Register_File_4X8.bdf           ;         ;
; DECODER_2TO4.bdf                 ; yes             ; User Block Diagram/Schematic File  ; D:/University/THIET_KE_LUAN_LY_SO/TH/Lab4_5_6/Quartus_Design/DECODER_2TO4.bdf                ;         ;
; Simple_Processor.bdf             ; yes             ; User Block Diagram/Schematic File  ; D:/University/THIET_KE_LUAN_LY_SO/TH/Lab4_5_6/Quartus_Design/Simple_Processor.bdf            ;         ;
; Simple_Processor_DATAPATH.bdf    ; yes             ; User Block Diagram/Schematic File  ; D:/University/THIET_KE_LUAN_LY_SO/TH/Lab4_5_6/Quartus_Design/Simple_Processor_DATAPATH.bdf   ;         ;
; Simple_Processor_CONTROLLER.bdf  ; yes             ; User Block Diagram/Schematic File  ; D:/University/THIET_KE_LUAN_LY_SO/TH/Lab4_5_6/Quartus_Design/Simple_Processor_CONTROLLER.bdf ;         ;
; xor3.bdf                         ; yes             ; Megafunction                       ; c:/altera/13.0sp1/quartus/libraries/others/maxplus2/xor3.bdf                                 ;         ;
+----------------------------------+-----------------+------------------------------------+----------------------------------------------------------------------------------------------+---------+


+-----------------------------------------------------+
; Analysis & Synthesis Resource Usage Summary         ;
+---------------------------------------------+-------+
; Resource                                    ; Usage ;
+---------------------------------------------+-------+
; Estimated Total logic elements              ; 122   ;
;                                             ;       ;
; Total combinational functions               ; 98    ;
; Logic element usage by number of LUT inputs ;       ;
;     -- 4 input functions                    ; 63    ;
;     -- 3 input functions                    ; 32    ;
;     -- <=2 input functions                  ; 3     ;
;                                             ;       ;
; Logic elements by mode                      ;       ;
;     -- normal mode                          ; 98    ;
;     -- arithmetic mode                      ; 0     ;
;                                             ;       ;
; Total registers                             ; 44    ;
;     -- Dedicated logic registers            ; 44    ;
;     -- I/O registers                        ; 0     ;
;                                             ;       ;
; I/O pins                                    ; 19    ;
; Embedded Multiplier 9-bit elements          ; 0     ;
; Maximum fan-out node                        ; CLK   ;
; Maximum fan-out                             ; 44    ;
; Total fan-out                               ; 500   ;
; Average fan-out                             ; 3.11  ;
+---------------------------------------------+-------+


+----------------------------------------------------------------------------------------------------------------------------------------------------------------------------------------------------------------------------------------------------------------------------------------------+
; Analysis & Synthesis Resource Utilization by Entity                                                                                                                                                                                                                                          ;
+----------------------------------------+-------------------+--------------+-------------+--------------+---------+-----------+------+--------------+--------------------------------------------------------------------------------------------------------------------------+--------------+
; Compilation Hierarchy Node             ; LC Combinationals ; LC Registers ; Memory Bits ; DSP Elements ; DSP 9x9 ; DSP 18x18 ; Pins ; Virtual Pins ; Full Hierarchy Name                                                                                                      ; Library Name ;
+----------------------------------------+-------------------+--------------+-------------+--------------+---------+-----------+------+--------------+--------------------------------------------------------------------------------------------------------------------------+--------------+
; |Simple_Processor                      ; 98 (0)            ; 44 (0)       ; 0           ; 0            ; 0       ; 0         ; 19   ; 0            ; |Simple_Processor                                                                                                        ; work         ;
;    |Simple_Processor_CONTROLLER:inst3| ; 8 (0)             ; 4 (0)        ; 0           ; 0            ; 0       ; 0         ; 0    ; 0            ; |Simple_Processor|Simple_Processor_CONTROLLER:inst3                                                                      ; work         ;
;       |NEXT_STATE:inst|                ; 3 (3)             ; 0 (0)        ; 0           ; 0            ; 0       ; 0         ; 0    ; 0            ; |Simple_Processor|Simple_Processor_CONTROLLER:inst3|NEXT_STATE:inst                                                      ; work         ;
;       |OUTPUT:inst6|                   ; 3 (3)             ; 0 (0)        ; 0           ; 0            ; 0       ; 0         ; 0    ; 0            ; |Simple_Processor|Simple_Processor_CONTROLLER:inst3|OUTPUT:inst6                                                         ; work         ;
;       |PRESENT_STATE:inst5|            ; 2 (2)             ; 4 (4)        ; 0           ; 0            ; 0       ; 0         ; 0    ; 0            ; |Simple_Processor|Simple_Processor_CONTROLLER:inst3|PRESENT_STATE:inst5                                                  ; work         ;
;    |Simple_Processor_DATAPATH:inst|    ; 90 (0)            ; 40 (0)       ; 0           ; 0            ; 0       ; 0         ; 0    ; 0            ; |Simple_Processor|Simple_Processor_DATAPATH:inst                                                                         ; work         ;
;       |ALU:inst2|                      ; 45 (0)            ; 0 (0)        ; 0           ; 0            ; 0       ; 0         ; 0    ; 0            ; |Simple_Processor|Simple_Processor_DATAPATH:inst|ALU:inst2                                                               ; work         ;
;          |ADDER_8_BIT:inst1|           ; 8 (0)             ; 0 (0)        ; 0           ; 0            ; 0       ; 0         ; 0    ; 0            ; |Simple_Processor|Simple_Processor_DATAPATH:inst|ALU:inst2|ADDER_8_BIT:inst1                                             ; work         ;
;             |FULL_ADDER:inst1|         ; 1 (1)             ; 0 (0)        ; 0           ; 0            ; 0       ; 0         ; 0    ; 0            ; |Simple_Processor|Simple_Processor_DATAPATH:inst|ALU:inst2|ADDER_8_BIT:inst1|FULL_ADDER:inst1                            ; work         ;
;             |FULL_ADDER:inst3|         ; 4 (3)             ; 0 (0)        ; 0           ; 0            ; 0       ; 0         ; 0    ; 0            ; |Simple_Processor|Simple_Processor_DATAPATH:inst|ALU:inst2|ADDER_8_BIT:inst1|FULL_ADDER:inst3                            ; work         ;
;                |xor3:inst|             ; 1 (1)             ; 0 (0)        ; 0           ; 0            ; 0       ; 0         ; 0    ; 0            ; |Simple_Processor|Simple_Processor_DATAPATH:inst|ALU:inst2|ADDER_8_BIT:inst1|FULL_ADDER:inst3|xor3:inst                  ; work         ;
;             |FULL_ADDER:inst5|         ; 2 (2)             ; 0 (0)        ; 0           ; 0            ; 0       ; 0         ; 0    ; 0            ; |Simple_Processor|Simple_Processor_DATAPATH:inst|ALU:inst2|ADDER_8_BIT:inst1|FULL_ADDER:inst5                            ; work         ;
;             |FULL_ADDER:inst7|         ; 1 (0)             ; 0 (0)        ; 0           ; 0            ; 0       ; 0         ; 0    ; 0            ; |Simple_Processor|Simple_Processor_DATAPATH:inst|ALU:inst2|ADDER_8_BIT:inst1|FULL_ADDER:inst7                            ; work         ;
;                |xor3:inst|             ; 1 (1)             ; 0 (0)        ; 0           ; 0            ; 0       ; 0         ; 0    ; 0            ; |Simple_Processor|Simple_Processor_DATAPATH:inst|ALU:inst2|ADDER_8_BIT:inst1|FULL_ADDER:inst7|xor3:inst                  ; work         ;
;          |ADDER_8_BIT:inst2|           ; 10 (0)            ; 0 (0)        ; 0           ; 0            ; 0       ; 0         ; 0    ; 0            ; |Simple_Processor|Simple_Processor_DATAPATH:inst|ALU:inst2|ADDER_8_BIT:inst2                                             ; work         ;
;             |FULL_ADDER:inst1|         ; 1 (1)             ; 0 (0)        ; 0           ; 0            ; 0       ; 0         ; 0    ; 0            ; |Simple_Processor|Simple_Processor_DATAPATH:inst|ALU:inst2|ADDER_8_BIT:inst2|FULL_ADDER:inst1                            ; work         ;
;             |FULL_ADDER:inst3|         ; 4 (3)             ; 0 (0)        ; 0           ; 0            ; 0       ; 0         ; 0    ; 0            ; |Simple_Processor|Simple_Processor_DATAPATH:inst|ALU:inst2|ADDER_8_BIT:inst2|FULL_ADDER:inst3                            ; work         ;
;                |xor3:inst|             ; 1 (1)             ; 0 (0)        ; 0           ; 0            ; 0       ; 0         ; 0    ; 0            ; |Simple_Processor|Simple_Processor_DATAPATH:inst|ALU:inst2|ADDER_8_BIT:inst2|FULL_ADDER:inst3|xor3:inst                  ; work         ;
;             |FULL_ADDER:inst4|         ; 1 (1)             ; 0 (0)        ; 0           ; 0            ; 0       ; 0         ; 0    ; 0            ; |Simple_Processor|Simple_Processor_DATAPATH:inst|ALU:inst2|ADDER_8_BIT:inst2|FULL_ADDER:inst4                            ; work         ;
;             |FULL_ADDER:inst6|         ; 2 (2)             ; 0 (0)        ; 0           ; 0            ; 0       ; 0         ; 0    ; 0            ; |Simple_Processor|Simple_Processor_DATAPATH:inst|ALU:inst2|ADDER_8_BIT:inst2|FULL_ADDER:inst6                            ; work         ;
;             |FULL_ADDER:inst7|         ; 2 (0)             ; 0 (0)        ; 0           ; 0            ; 0       ; 0         ; 0    ; 0            ; |Simple_Processor|Simple_Processor_DATAPATH:inst|ALU:inst2|ADDER_8_BIT:inst2|FULL_ADDER:inst7                            ; work         ;
;                |xor3:inst|             ; 2 (2)             ; 0 (0)        ; 0           ; 0            ; 0       ; 0         ; 0    ; 0            ; |Simple_Processor|Simple_Processor_DATAPATH:inst|ALU:inst2|ADDER_8_BIT:inst2|FULL_ADDER:inst7|xor3:inst                  ; work         ;
;          |MULTIPLY:inst|               ; 2 (0)             ; 0 (0)        ; 0           ; 0            ; 0       ; 0         ; 0    ; 0            ; |Simple_Processor|Simple_Processor_DATAPATH:inst|ALU:inst2|MULTIPLY:inst                                                 ; work         ;
;             |MUX41_8BIT:inst3|         ; 2 (0)             ; 0 (0)        ; 0           ; 0            ; 0       ; 0         ; 0    ; 0            ; |Simple_Processor|Simple_Processor_DATAPATH:inst|ALU:inst2|MULTIPLY:inst|MUX41_8BIT:inst3                                ; work         ;
;                |MUX41_1BIT:inst10|     ; 1 (0)             ; 0 (0)        ; 0           ; 0            ; 0       ; 0         ; 0    ; 0            ; |Simple_Processor|Simple_Processor_DATAPATH:inst|ALU:inst2|MULTIPLY:inst|MUX41_8BIT:inst3|MUX41_1BIT:inst10              ; work         ;
;                   |MUX21:inst|         ; 1 (1)             ; 0 (0)        ; 0           ; 0            ; 0       ; 0         ; 0    ; 0            ; |Simple_Processor|Simple_Processor_DATAPATH:inst|ALU:inst2|MULTIPLY:inst|MUX41_8BIT:inst3|MUX41_1BIT:inst10|MUX21:inst   ; work         ;
;                |MUX41_1BIT:inst9|      ; 1 (0)             ; 0 (0)        ; 0           ; 0            ; 0       ; 0         ; 0    ; 0            ; |Simple_Processor|Simple_Processor_DATAPATH:inst|ALU:inst2|MULTIPLY:inst|MUX41_8BIT:inst3|MUX41_1BIT:inst9               ; work         ;
;                   |MUX21:inst|         ; 1 (1)             ; 0 (0)        ; 0           ; 0            ; 0       ; 0         ; 0    ; 0            ; |Simple_Processor|Simple_Processor_DATAPATH:inst|ALU:inst2|MULTIPLY:inst|MUX41_8BIT:inst3|MUX41_1BIT:inst9|MUX21:inst    ; work         ;
;          |MUX51_8BIT:inst7|            ; 25 (0)            ; 0 (0)        ; 0           ; 0            ; 0       ; 0         ; 0    ; 0            ; |Simple_Processor|Simple_Processor_DATAPATH:inst|ALU:inst2|MUX51_8BIT:inst7                                              ; work         ;
;             |MUX21_8BIT:inst3|         ; 25 (0)            ; 0 (0)        ; 0           ; 0            ; 0       ; 0         ; 0    ; 0            ; |Simple_Processor|Simple_Processor_DATAPATH:inst|ALU:inst2|MUX51_8BIT:inst7|MUX21_8BIT:inst3                             ; work         ;
;                |MUX21:inst2|           ; 5 (5)             ; 0 (0)        ; 0           ; 0            ; 0       ; 0         ; 0    ; 0            ; |Simple_Processor|Simple_Processor_DATAPATH:inst|ALU:inst2|MUX51_8BIT:inst7|MUX21_8BIT:inst3|MUX21:inst2                 ; work         ;
;                |MUX21:inst3|           ; 4 (4)             ; 0 (0)        ; 0           ; 0            ; 0       ; 0         ; 0    ; 0            ; |Simple_Processor|Simple_Processor_DATAPATH:inst|ALU:inst2|MUX51_8BIT:inst7|MUX21_8BIT:inst3|MUX21:inst3                 ; work         ;
;                |MUX21:inst4|           ; 4 (4)             ; 0 (0)        ; 0           ; 0            ; 0       ; 0         ; 0    ; 0            ; |Simple_Processor|Simple_Processor_DATAPATH:inst|ALU:inst2|MUX51_8BIT:inst7|MUX21_8BIT:inst3|MUX21:inst4                 ; work         ;
;                |MUX21:inst5|           ; 3 (3)             ; 0 (0)        ; 0           ; 0            ; 0       ; 0         ; 0    ; 0            ; |Simple_Processor|Simple_Processor_DATAPATH:inst|ALU:inst2|MUX51_8BIT:inst7|MUX21_8BIT:inst3|MUX21:inst5                 ; work         ;
;                |MUX21:inst6|           ; 2 (2)             ; 0 (0)        ; 0           ; 0            ; 0       ; 0         ; 0    ; 0            ; |Simple_Processor|Simple_Processor_DATAPATH:inst|ALU:inst2|MUX51_8BIT:inst7|MUX21_8BIT:inst3|MUX21:inst6                 ; work         ;
;                |MUX21:inst7|           ; 3 (3)             ; 0 (0)        ; 0           ; 0            ; 0       ; 0         ; 0    ; 0            ; |Simple_Processor|Simple_Processor_DATAPATH:inst|ALU:inst2|MUX51_8BIT:inst7|MUX21_8BIT:inst3|MUX21:inst7                 ; work         ;
;                |MUX21:inst8|           ; 2 (2)             ; 0 (0)        ; 0           ; 0            ; 0       ; 0         ; 0    ; 0            ; |Simple_Processor|Simple_Processor_DATAPATH:inst|ALU:inst2|MUX51_8BIT:inst7|MUX21_8BIT:inst3|MUX21:inst8                 ; work         ;
;                |MUX21:inst|            ; 2 (2)             ; 0 (0)        ; 0           ; 0            ; 0       ; 0         ; 0    ; 0            ; |Simple_Processor|Simple_Processor_DATAPATH:inst|ALU:inst2|MUX51_8BIT:inst7|MUX21_8BIT:inst3|MUX21:inst                  ; work         ;
;       |MUX21_8BIT:inst8|               ; 8 (0)             ; 0 (0)        ; 0           ; 0            ; 0       ; 0         ; 0    ; 0            ; |Simple_Processor|Simple_Processor_DATAPATH:inst|MUX21_8BIT:inst8                                                        ; work         ;
;          |MUX21:inst2|                 ; 1 (1)             ; 0 (0)        ; 0           ; 0            ; 0       ; 0         ; 0    ; 0            ; |Simple_Processor|Simple_Processor_DATAPATH:inst|MUX21_8BIT:inst8|MUX21:inst2                                            ; work         ;
;          |MUX21:inst3|                 ; 1 (1)             ; 0 (0)        ; 0           ; 0            ; 0       ; 0         ; 0    ; 0            ; |Simple_Processor|Simple_Processor_DATAPATH:inst|MUX21_8BIT:inst8|MUX21:inst3                                            ; work         ;
;          |MUX21:inst4|                 ; 1 (1)             ; 0 (0)        ; 0           ; 0            ; 0       ; 0         ; 0    ; 0            ; |Simple_Processor|Simple_Processor_DATAPATH:inst|MUX21_8BIT:inst8|MUX21:inst4                                            ; work         ;
;          |MUX21:inst5|                 ; 1 (1)             ; 0 (0)        ; 0           ; 0            ; 0       ; 0         ; 0    ; 0            ; |Simple_Processor|Simple_Processor_DATAPATH:inst|MUX21_8BIT:inst8|MUX21:inst5                                            ; work         ;
;          |MUX21:inst6|                 ; 1 (1)             ; 0 (0)        ; 0           ; 0            ; 0       ; 0         ; 0    ; 0            ; |Simple_Processor|Simple_Processor_DATAPATH:inst|MUX21_8BIT:inst8|MUX21:inst6                                            ; work         ;
;          |MUX21:inst7|                 ; 1 (1)             ; 0 (0)        ; 0           ; 0            ; 0       ; 0         ; 0    ; 0            ; |Simple_Processor|Simple_Processor_DATAPATH:inst|MUX21_8BIT:inst8|MUX21:inst7                                            ; work         ;
;          |MUX21:inst8|                 ; 1 (1)             ; 0 (0)        ; 0           ; 0            ; 0       ; 0         ; 0    ; 0            ; |Simple_Processor|Simple_Processor_DATAPATH:inst|MUX21_8BIT:inst8|MUX21:inst8                                            ; work         ;
;          |MUX21:inst|                  ; 1 (1)             ; 0 (0)        ; 0           ; 0            ; 0       ; 0         ; 0    ; 0            ; |Simple_Processor|Simple_Processor_DATAPATH:inst|MUX21_8BIT:inst8|MUX21:inst                                             ; work         ;
;       |REGISTER:inst7|                 ; 0 (0)             ; 8 (8)        ; 0           ; 0            ; 0       ; 0         ; 0    ; 0            ; |Simple_Processor|Simple_Processor_DATAPATH:inst|REGISTER:inst7                                                          ; work         ;
;       |Register_File_4X8:inst|         ; 37 (33)           ; 32 (0)       ; 0           ; 0            ; 0       ; 0         ; 0    ; 0            ; |Simple_Processor|Simple_Processor_DATAPATH:inst|Register_File_4X8:inst                                                  ; work         ;
;          |DECODER_2TO4:inst6|          ; 4 (0)             ; 0 (0)        ; 0           ; 0            ; 0       ; 0         ; 0    ; 0            ; |Simple_Processor|Simple_Processor_DATAPATH:inst|Register_File_4X8:inst|DECODER_2TO4:inst6                               ; work         ;
;             |DECODER_2_TO_4:inst|      ; 4 (4)             ; 0 (0)        ; 0           ; 0            ; 0       ; 0         ; 0    ; 0            ; |Simple_Processor|Simple_Processor_DATAPATH:inst|Register_File_4X8:inst|DECODER_2TO4:inst6|DECODER_2_TO_4:inst           ; work         ;
;          |Register_File_1X8:inst1|     ; 0 (0)             ; 8 (0)        ; 0           ; 0            ; 0       ; 0         ; 0    ; 0            ; |Simple_Processor|Simple_Processor_DATAPATH:inst|Register_File_4X8:inst|Register_File_1X8:inst1                          ; work         ;
;             |Register_File_Cell:inst1| ; 0 (0)             ; 1 (1)        ; 0           ; 0            ; 0       ; 0         ; 0    ; 0            ; |Simple_Processor|Simple_Processor_DATAPATH:inst|Register_File_4X8:inst|Register_File_1X8:inst1|Register_File_Cell:inst1 ; work         ;
;             |Register_File_Cell:inst2| ; 0 (0)             ; 1 (1)        ; 0           ; 0            ; 0       ; 0         ; 0    ; 0            ; |Simple_Processor|Simple_Processor_DATAPATH:inst|Register_File_4X8:inst|Register_File_1X8:inst1|Register_File_Cell:inst2 ; work         ;
;             |Register_File_Cell:inst3| ; 0 (0)             ; 1 (1)        ; 0           ; 0            ; 0       ; 0         ; 0    ; 0            ; |Simple_Processor|Simple_Processor_DATAPATH:inst|Register_File_4X8:inst|Register_File_1X8:inst1|Register_File_Cell:inst3 ; work         ;
;             |Register_File_Cell:inst4| ; 0 (0)             ; 1 (1)        ; 0           ; 0            ; 0       ; 0         ; 0    ; 0            ; |Simple_Processor|Simple_Processor_DATAPATH:inst|Register_File_4X8:inst|Register_File_1X8:inst1|Register_File_Cell:inst4 ; work         ;
;             |Register_File_Cell:inst5| ; 0 (0)             ; 1 (1)        ; 0           ; 0            ; 0       ; 0         ; 0    ; 0            ; |Simple_Processor|Simple_Processor_DATAPATH:inst|Register_File_4X8:inst|Register_File_1X8:inst1|Register_File_Cell:inst5 ; work         ;
;             |Register_File_Cell:inst6| ; 0 (0)             ; 1 (1)        ; 0           ; 0            ; 0       ; 0         ; 0    ; 0            ; |Simple_Processor|Simple_Processor_DATAPATH:inst|Register_File_4X8:inst|Register_File_1X8:inst1|Register_File_Cell:inst6 ; work         ;
;             |Register_File_Cell:inst7| ; 0 (0)             ; 1 (1)        ; 0           ; 0            ; 0       ; 0         ; 0    ; 0            ; |Simple_Processor|Simple_Processor_DATAPATH:inst|Register_File_4X8:inst|Register_File_1X8:inst1|Register_File_Cell:inst7 ; work         ;
;             |Register_File_Cell:inst|  ; 0 (0)             ; 1 (1)        ; 0           ; 0            ; 0       ; 0         ; 0    ; 0            ; |Simple_Processor|Simple_Processor_DATAPATH:inst|Register_File_4X8:inst|Register_File_1X8:inst1|Register_File_Cell:inst  ; work         ;
;          |Register_File_1X8:inst2|     ; 0 (0)             ; 8 (0)        ; 0           ; 0            ; 0       ; 0         ; 0    ; 0            ; |Simple_Processor|Simple_Processor_DATAPATH:inst|Register_File_4X8:inst|Register_File_1X8:inst2                          ; work         ;
;             |Register_File_Cell:inst1| ; 0 (0)             ; 1 (1)        ; 0           ; 0            ; 0       ; 0         ; 0    ; 0            ; |Simple_Processor|Simple_Processor_DATAPATH:inst|Register_File_4X8:inst|Register_File_1X8:inst2|Register_File_Cell:inst1 ; work         ;
;             |Register_File_Cell:inst2| ; 0 (0)             ; 1 (1)        ; 0           ; 0            ; 0       ; 0         ; 0    ; 0            ; |Simple_Processor|Simple_Processor_DATAPATH:inst|Register_File_4X8:inst|Register_File_1X8:inst2|Register_File_Cell:inst2 ; work         ;
;             |Register_File_Cell:inst3| ; 0 (0)             ; 1 (1)        ; 0           ; 0            ; 0       ; 0         ; 0    ; 0            ; |Simple_Processor|Simple_Processor_DATAPATH:inst|Register_File_4X8:inst|Register_File_1X8:inst2|Register_File_Cell:inst3 ; work         ;
;             |Register_File_Cell:inst4| ; 0 (0)             ; 1 (1)        ; 0           ; 0            ; 0       ; 0         ; 0    ; 0            ; |Simple_Processor|Simple_Processor_DATAPATH:inst|Register_File_4X8:inst|Register_File_1X8:inst2|Register_File_Cell:inst4 ; work         ;
;             |Register_File_Cell:inst5| ; 0 (0)             ; 1 (1)        ; 0           ; 0            ; 0       ; 0         ; 0    ; 0            ; |Simple_Processor|Simple_Processor_DATAPATH:inst|Register_File_4X8:inst|Register_File_1X8:inst2|Register_File_Cell:inst5 ; work         ;
;             |Register_File_Cell:inst6| ; 0 (0)             ; 1 (1)        ; 0           ; 0            ; 0       ; 0         ; 0    ; 0            ; |Simple_Processor|Simple_Processor_DATAPATH:inst|Register_File_4X8:inst|Register_File_1X8:inst2|Register_File_Cell:inst6 ; work         ;
;             |Register_File_Cell:inst7| ; 0 (0)             ; 1 (1)        ; 0           ; 0            ; 0       ; 0         ; 0    ; 0            ; |Simple_Processor|Simple_Processor_DATAPATH:inst|Register_File_4X8:inst|Register_File_1X8:inst2|Register_File_Cell:inst7 ; work         ;
;             |Register_File_Cell:inst|  ; 0 (0)             ; 1 (1)        ; 0           ; 0            ; 0       ; 0         ; 0    ; 0            ; |Simple_Processor|Simple_Processor_DATAPATH:inst|Register_File_4X8:inst|Register_File_1X8:inst2|Register_File_Cell:inst  ; work         ;
;          |Register_File_1X8:inst3|     ; 0 (0)             ; 8 (0)        ; 0           ; 0            ; 0       ; 0         ; 0    ; 0            ; |Simple_Processor|Simple_Processor_DATAPATH:inst|Register_File_4X8:inst|Register_File_1X8:inst3                          ; work         ;
;             |Register_File_Cell:inst1| ; 0 (0)             ; 1 (1)        ; 0           ; 0            ; 0       ; 0         ; 0    ; 0            ; |Simple_Processor|Simple_Processor_DATAPATH:inst|Register_File_4X8:inst|Register_File_1X8:inst3|Register_File_Cell:inst1 ; work         ;
;             |Register_File_Cell:inst2| ; 0 (0)             ; 1 (1)        ; 0           ; 0            ; 0       ; 0         ; 0    ; 0            ; |Simple_Processor|Simple_Processor_DATAPATH:inst|Register_File_4X8:inst|Register_File_1X8:inst3|Register_File_Cell:inst2 ; work         ;
;             |Register_File_Cell:inst3| ; 0 (0)             ; 1 (1)        ; 0           ; 0            ; 0       ; 0         ; 0    ; 0            ; |Simple_Processor|Simple_Processor_DATAPATH:inst|Register_File_4X8:inst|Register_File_1X8:inst3|Register_File_Cell:inst3 ; work         ;
;             |Register_File_Cell:inst4| ; 0 (0)             ; 1 (1)        ; 0           ; 0            ; 0       ; 0         ; 0    ; 0            ; |Simple_Processor|Simple_Processor_DATAPATH:inst|Register_File_4X8:inst|Register_File_1X8:inst3|Register_File_Cell:inst4 ; work         ;
;             |Register_File_Cell:inst5| ; 0 (0)             ; 1 (1)        ; 0           ; 0            ; 0       ; 0         ; 0    ; 0            ; |Simple_Processor|Simple_Processor_DATAPATH:inst|Register_File_4X8:inst|Register_File_1X8:inst3|Register_File_Cell:inst5 ; work         ;
;             |Register_File_Cell:inst6| ; 0 (0)             ; 1 (1)        ; 0           ; 0            ; 0       ; 0         ; 0    ; 0            ; |Simple_Processor|Simple_Processor_DATAPATH:inst|Register_File_4X8:inst|Register_File_1X8:inst3|Register_File_Cell:inst6 ; work         ;
;             |Register_File_Cell:inst7| ; 0 (0)             ; 1 (1)        ; 0           ; 0            ; 0       ; 0         ; 0    ; 0            ; |Simple_Processor|Simple_Processor_DATAPATH:inst|Register_File_4X8:inst|Register_File_1X8:inst3|Register_File_Cell:inst7 ; work         ;
;             |Register_File_Cell:inst|  ; 0 (0)             ; 1 (1)        ; 0           ; 0            ; 0       ; 0         ; 0    ; 0            ; |Simple_Processor|Simple_Processor_DATAPATH:inst|Register_File_4X8:inst|Register_File_1X8:inst3|Register_File_Cell:inst  ; work         ;
;          |Register_File_1X8:inst|      ; 0 (0)             ; 8 (0)        ; 0           ; 0            ; 0       ; 0         ; 0    ; 0            ; |Simple_Processor|Simple_Processor_DATAPATH:inst|Register_File_4X8:inst|Register_File_1X8:inst                           ; work         ;
;             |Register_File_Cell:inst1| ; 0 (0)             ; 1 (1)        ; 0           ; 0            ; 0       ; 0         ; 0    ; 0            ; |Simple_Processor|Simple_Processor_DATAPATH:inst|Register_File_4X8:inst|Register_File_1X8:inst|Register_File_Cell:inst1  ; work         ;
;             |Register_File_Cell:inst2| ; 0 (0)             ; 1 (1)        ; 0           ; 0            ; 0       ; 0         ; 0    ; 0            ; |Simple_Processor|Simple_Processor_DATAPATH:inst|Register_File_4X8:inst|Register_File_1X8:inst|Register_File_Cell:inst2  ; work         ;
;             |Register_File_Cell:inst3| ; 0 (0)             ; 1 (1)        ; 0           ; 0            ; 0       ; 0         ; 0    ; 0            ; |Simple_Processor|Simple_Processor_DATAPATH:inst|Register_File_4X8:inst|Register_File_1X8:inst|Register_File_Cell:inst3  ; work         ;
;             |Register_File_Cell:inst4| ; 0 (0)             ; 1 (1)        ; 0           ; 0            ; 0       ; 0         ; 0    ; 0            ; |Simple_Processor|Simple_Processor_DATAPATH:inst|Register_File_4X8:inst|Register_File_1X8:inst|Register_File_Cell:inst4  ; work         ;
;             |Register_File_Cell:inst5| ; 0 (0)             ; 1 (1)        ; 0           ; 0            ; 0       ; 0         ; 0    ; 0            ; |Simple_Processor|Simple_Processor_DATAPATH:inst|Register_File_4X8:inst|Register_File_1X8:inst|Register_File_Cell:inst5  ; work         ;
;             |Register_File_Cell:inst6| ; 0 (0)             ; 1 (1)        ; 0           ; 0            ; 0       ; 0         ; 0    ; 0            ; |Simple_Processor|Simple_Processor_DATAPATH:inst|Register_File_4X8:inst|Register_File_1X8:inst|Register_File_Cell:inst6  ; work         ;
;             |Register_File_Cell:inst7| ; 0 (0)             ; 1 (1)        ; 0           ; 0            ; 0       ; 0         ; 0    ; 0            ; |Simple_Processor|Simple_Processor_DATAPATH:inst|Register_File_4X8:inst|Register_File_1X8:inst|Register_File_Cell:inst7  ; work         ;
;             |Register_File_Cell:inst|  ; 0 (0)             ; 1 (1)        ; 0           ; 0            ; 0       ; 0         ; 0    ; 0            ; |Simple_Processor|Simple_Processor_DATAPATH:inst|Register_File_4X8:inst|Register_File_1X8:inst|Register_File_Cell:inst   ; work         ;
+----------------------------------------+-------------------+--------------+-------------+--------------+---------+-----------+------+--------------+--------------------------------------------------------------------------------------------------------------------------+--------------+
Note: For table entries with two numbers listed, the numbers in parentheses indicate the number of resources of the given type used by the specific entity alone. The numbers listed outside of parentheses indicate the total resources of the given type used by the specific entity and all of its sub-entities in the hierarchy.


+------------------------------------------------------+
; General Register Statistics                          ;
+----------------------------------------------+-------+
; Statistic                                    ; Value ;
+----------------------------------------------+-------+
; Total registers                              ; 44    ;
; Number of registers using Synchronous Clear  ; 1     ;
; Number of registers using Synchronous Load   ; 0     ;
; Number of registers using Asynchronous Clear ; 0     ;
; Number of registers using Asynchronous Load  ; 0     ;
; Number of registers using Clock Enable       ; 40    ;
; Number of registers using Preset             ; 0     ;
+----------------------------------------------+-------+


+------------------------------------------------------------------------------------------------------------------------------------------------------------------------------------------------------------------------------+
; Multiplexer Restructuring Statistics (Restructuring Performed)                                                                                                                                                               ;
+--------------------+-----------+---------------+----------------------+------------------------+------------+----------------------------------------------------------------------------------------------------------------+
; Multiplexer Inputs ; Bus Width ; Baseline Area ; Area if Restructured ; Saving if Restructured ; Registered ; Example Multiplexer Output                                                                                     ;
+--------------------+-----------+---------------+----------------------+------------------------+------------+----------------------------------------------------------------------------------------------------------------+
; 4:1                ; 2 bits    ; 4 LEs         ; 4 LEs                ; 0 LEs                  ; No         ; |Simple_Processor|Simple_Processor_DATAPATH:inst|ALU:inst2|MUX51_8BIT:inst7|MUX21_8BIT:inst3|MUX21:inst5|inst2 ;
; 4:1                ; 8 bits    ; 16 LEs        ; 16 LEs               ; 0 LEs                  ; No         ; |Simple_Processor|Simple_Processor_DATAPATH:inst|Register_File_4X8:inst|OUTA[1]                                ;
; 5:1                ; 5 bits    ; 15 LEs        ; 10 LEs               ; 5 LEs                  ; No         ; |Simple_Processor|Simple_Processor_DATAPATH:inst|ALU:inst2|MUX51_8BIT:inst7|MUX21_8BIT:inst3|MUX21:inst2|inst2 ;
; 4:1                ; 8 bits    ; 16 LEs        ; 16 LEs               ; 0 LEs                  ; No         ; |Simple_Processor|Simple_Processor_DATAPATH:inst|Register_File_4X8:inst|OUTB[1]                                ;
+--------------------+-----------+---------------+----------------------+------------------------+------------+----------------------------------------------------------------------------------------------------------------+


+-------------------------------+
; Elapsed Time Per Partition    ;
+----------------+--------------+
; Partition Name ; Elapsed Time ;
+----------------+--------------+
; Top            ; 00:00:01     ;
+----------------+--------------+


+-------------------------------+
; Analysis & Synthesis Messages ;
+-------------------------------+
Info: *******************************************************************
Info: Running Quartus II 64-Bit Analysis & Synthesis
    Info: Version 13.0.1 Build 232 06/12/2013 Service Pack 1 SJ Web Edition
    Info: Processing started: Mon Jun 12 18:29:08 2023
Info: Command: quartus_map --read_settings_files=on --write_settings_files=off Simple_Processor -c Simple_Processor
Warning (20028): Parallel compilation is not licensed and has been disabled
Info (12021): Found 1 design units, including 1 entities, in source file tcc.bdf
    Info (12023): Found entity 1: TCC
Info (12021): Found 1 design units, including 1 entities, in source file double_dabble.bdf
    Info (12023): Found entity 1: DOUBLE_DABBLE
Info (12021): Found 1 design units, including 1 entities, in source file display_led_7_segments.bdf
    Info (12023): Found entity 1: Display_Led_7_Segments
Info (12021): Found 1 design units, including 1 entities, in source file dabble.bdf
    Info (12023): Found entity 1: DABBLE
Info (12021): Found 1 design units, including 1 entities, in source file present_state.bdf
    Info (12023): Found entity 1: PRESENT_STATE
Info (12021): Found 1 design units, including 1 entities, in source file output.bdf
    Info (12023): Found entity 1: OUTPUT
Info (12021): Found 1 design units, including 1 entities, in source file next_state.bdf
    Info (12023): Found entity 1: NEXT_STATE
Info (12021): Found 1 design units, including 1 entities, in source file register.bdf
    Info (12023): Found entity 1: REGISTER
Info (12021): Found 1 design units, including 1 entities, in source file decoder_2_to_4.bdf
    Info (12023): Found entity 1: DECODER_2_TO_4
Info (12021): Found 1 design units, including 1 entities, in source file register_file_cell.bdf
    Info (12023): Found entity 1: Register_File_Cell
Info (12021): Found 1 design units, including 1 entities, in source file mux51_8bit.bdf
    Info (12023): Found entity 1: MUX51_8BIT
Info (12021): Found 1 design units, including 1 entities, in source file mul8.bdf
    Info (12023): Found entity 1: MUL8
Info (12021): Found 1 design units, including 1 entities, in source file mul0.bdf
    Info (12023): Found entity 1: MUL0
Info (12021): Found 1 design units, including 1 entities, in source file mux21_8bit.bdf
    Info (12023): Found entity 1: MUX21_8BIT
Info (12021): Found 1 design units, including 1 entities, in source file mux21.bdf
    Info (12023): Found entity 1: MUX21
Info (12021): Found 1 design units, including 1 entities, in source file full_adder.bdf
    Info (12023): Found entity 1: FULL_ADDER
Info (12021): Found 1 design units, including 1 entities, in source file adder_8_bit.bdf
    Info (12023): Found entity 1: ADDER_8_BIT
Info (12021): Found 1 design units, including 1 entities, in source file shift_left.bdf
    Info (12023): Found entity 1: SHIFT_LEFT
Info (12021): Found 1 design units, including 1 entities, in source file mux41_1bit.bdf
    Info (12023): Found entity 1: MUX41_1BIT
Info (12021): Found 1 design units, including 1 entities, in source file mux41_8bit.bdf
    Info (12023): Found entity 1: MUX41_8BIT
Info (12021): Found 1 design units, including 1 entities, in source file mul1.bdf
    Info (12023): Found entity 1: MUL1
Info (12021): Found 1 design units, including 1 entities, in source file multiply.bdf
    Info (12023): Found entity 1: MULTIPLY
Info (12021): Found 1 design units, including 1 entities, in source file sl3.bdf
    Info (12023): Found entity 1: SL3
Info (12021): Found 1 design units, including 1 entities, in source file alu.bdf
    Info (12023): Found entity 1: ALU
Info (12021): Found 1 design units, including 1 entities, in source file register_file_1x8.bdf
    Info (12023): Found entity 1: Register_File_1X8
Info (12021): Found 1 design units, including 1 entities, in source file register_file_4x8.bdf
    Info (12023): Found entity 1: Register_File_4X8
Info (12021): Found 1 design units, including 1 entities, in source file decoder_2to4.bdf
    Info (12023): Found entity 1: DECODER_2TO4
Info (12021): Found 1 design units, including 1 entities, in source file simple_processor.bdf
    Info (12023): Found entity 1: Simple_Processor
Info (12021): Found 1 design units, including 1 entities, in source file simple_processor_datapath.bdf
    Info (12023): Found entity 1: Simple_Processor_DATAPATH
Info (12021): Found 1 design units, including 1 entities, in source file simple_processor_controller.bdf
    Info (12023): Found entity 1: Simple_Processor_CONTROLLER
Info (12021): Found 1 design units, including 1 entities, in source file nap_kit_de2.bdf
    Info (12023): Found entity 1: NAP_KIT_DE2
Info (12127): Elaborating entity "Simple_Processor" for the top level hierarchy
Info (12128): Elaborating entity "Simple_Processor_CONTROLLER" for hierarchy "Simple_Processor_CONTROLLER:inst3"
Info (12128): Elaborating entity "OUTPUT" for hierarchy "Simple_Processor_CONTROLLER:inst3|OUTPUT:inst6"
Info (12128): Elaborating entity "PRESENT_STATE" for hierarchy "Simple_Processor_CONTROLLER:inst3|PRESENT_STATE:inst5"
Info (12128): Elaborating entity "NEXT_STATE" for hierarchy "Simple_Processor_CONTROLLER:inst3|NEXT_STATE:inst"
Info (12128): Elaborating entity "Simple_Processor_DATAPATH" for hierarchy "Simple_Processor_DATAPATH:inst"
Info (12128): Elaborating entity "REGISTER" for hierarchy "Simple_Processor_DATAPATH:inst|REGISTER:inst7"
Info (12128): Elaborating entity "ALU" for hierarchy "Simple_Processor_DATAPATH:inst|ALU:inst2"
Info (12128): Elaborating entity "MUX51_8BIT" for hierarchy "Simple_Processor_DATAPATH:inst|ALU:inst2|MUX51_8BIT:inst7"
Info (12128): Elaborating entity "MUX21_8BIT" for hierarchy "Simple_Processor_DATAPATH:inst|ALU:inst2|MUX51_8BIT:inst7|MUX21_8BIT:inst3"
Info (12128): Elaborating entity "MUX21" for hierarchy "Simple_Processor_DATAPATH:inst|ALU:inst2|MUX51_8BIT:inst7|MUX21_8BIT:inst3|MUX21:inst"
Info (12128): Elaborating entity "MULTIPLY" for hierarchy "Simple_Processor_DATAPATH:inst|ALU:inst2|MULTIPLY:inst"
Info (12128): Elaborating entity "MUX41_8BIT" for hierarchy "Simple_Processor_DATAPATH:inst|ALU:inst2|MULTIPLY:inst|MUX41_8BIT:inst3"
Info (12128): Elaborating entity "MUX41_1BIT" for hierarchy "Simple_Processor_DATAPATH:inst|ALU:inst2|MULTIPLY:inst|MUX41_8BIT:inst3|MUX41_1BIT:inst"
Info (12128): Elaborating entity "MUL0" for hierarchy "Simple_Processor_DATAPATH:inst|ALU:inst2|MULTIPLY:inst|MUL0:inst"
Warning (275043): Pin "OUT[7..0]" is missing source
Warning (275009): Pin "IN" not connected
Warning (275008): Primitive "GND" of instance "inst" not used
Info (12128): Elaborating entity "MUL1" for hierarchy "Simple_Processor_DATAPATH:inst|ALU:inst2|MULTIPLY:inst|MUL1:inst1"
Info (12128): Elaborating entity "MUL8" for hierarchy "Simple_Processor_DATAPATH:inst|ALU:inst2|MULTIPLY:inst|MUL8:inst2"
Info (12128): Elaborating entity "SL3" for hierarchy "Simple_Processor_DATAPATH:inst|ALU:inst2|MULTIPLY:inst|MUL8:inst2|SL3:inst"
Warning (275009): Pin "I7" not connected
Warning (275009): Pin "I6" not connected
Warning (275009): Pin "I5" not connected
Warning (275008): Primitive "GND" of instance "inst" not used
Info (12128): Elaborating entity "ADDER_8_BIT" for hierarchy "Simple_Processor_DATAPATH:inst|ALU:inst2|ADDER_8_BIT:inst1"
Info (12128): Elaborating entity "FULL_ADDER" for hierarchy "Simple_Processor_DATAPATH:inst|ALU:inst2|ADDER_8_BIT:inst1|FULL_ADDER:inst7"
Info (12128): Elaborating entity "XOR3" for hierarchy "Simple_Processor_DATAPATH:inst|ALU:inst2|ADDER_8_BIT:inst1|FULL_ADDER:inst7|XOR3:inst"
Info (12130): Elaborated megafunction instantiation "Simple_Processor_DATAPATH:inst|ALU:inst2|ADDER_8_BIT:inst1|FULL_ADDER:inst7|XOR3:inst"
Info (12128): Elaborating entity "Register_File_4X8" for hierarchy "Simple_Processor_DATAPATH:inst|Register_File_4X8:inst"
Info (12128): Elaborating entity "Register_File_1X8" for hierarchy "Simple_Processor_DATAPATH:inst|Register_File_4X8:inst|Register_File_1X8:inst"
Info (12128): Elaborating entity "Register_File_Cell" for hierarchy "Simple_Processor_DATAPATH:inst|Register_File_4X8:inst|Register_File_1X8:inst|Register_File_Cell:inst"
Info (12128): Elaborating entity "DECODER_2TO4" for hierarchy "Simple_Processor_DATAPATH:inst|Register_File_4X8:inst|DECODER_2TO4:inst7"
Info (12128): Elaborating entity "DECODER_2_TO_4" for hierarchy "Simple_Processor_DATAPATH:inst|Register_File_4X8:inst|DECODER_2TO4:inst7|DECODER_2_TO_4:inst"
Warning (13046): Tri-state node(s) do not directly drive top-level pin(s)
    Warning (13048): Converted tri-state node "Simple_Processor_DATAPATH:inst|Register_File_4X8:inst|OUTA[7]" into a selector
    Warning (13048): Converted tri-state node "Simple_Processor_DATAPATH:inst|Register_File_4X8:inst|OUTA[6]" into a selector
    Warning (13048): Converted tri-state node "Simple_Processor_DATAPATH:inst|Register_File_4X8:inst|OUTA[5]" into a selector
    Warning (13048): Converted tri-state node "Simple_Processor_DATAPATH:inst|Register_File_4X8:inst|OUTA[4]" into a selector
    Warning (13048): Converted tri-state node "Simple_Processor_DATAPATH:inst|Register_File_4X8:inst|OUTA[3]" into a selector
    Warning (13048): Converted tri-state node "Simple_Processor_DATAPATH:inst|Register_File_4X8:inst|OUTA[2]" into a selector
    Warning (13048): Converted tri-state node "Simple_Processor_DATAPATH:inst|Register_File_4X8:inst|OUTA[1]" into a selector
    Warning (13048): Converted tri-state node "Simple_Processor_DATAPATH:inst|Register_File_4X8:inst|OUTA[0]" into a selector
    Warning (13048): Converted tri-state node "Simple_Processor_DATAPATH:inst|Register_File_4X8:inst|OUTB[7]" into a selector
    Warning (13048): Converted tri-state node "Simple_Processor_DATAPATH:inst|Register_File_4X8:inst|OUTB[6]" into a selector
    Warning (13048): Converted tri-state node "Simple_Processor_DATAPATH:inst|Register_File_4X8:inst|OUTB[5]" into a selector
    Warning (13048): Converted tri-state node "Simple_Processor_DATAPATH:inst|Register_File_4X8:inst|OUTB[4]" into a selector
    Warning (13048): Converted tri-state node "Simple_Processor_DATAPATH:inst|Register_File_4X8:inst|OUTB[3]" into a selector
    Warning (13048): Converted tri-state node "Simple_Processor_DATAPATH:inst|Register_File_4X8:inst|OUTB[2]" into a selector
    Warning (13048): Converted tri-state node "Simple_Processor_DATAPATH:inst|Register_File_4X8:inst|OUTB[1]" into a selector
    Warning (13048): Converted tri-state node "Simple_Processor_DATAPATH:inst|Register_File_4X8:inst|OUTB[0]" into a selector
Info (16010): Generating hard_block partition "hard_block:auto_generated_inst"
    Info (16011): Adding 0 node(s), including 0 DDIO, 0 PLL, 0 transceiver and 0 LCELL
Info (21057): Implemented 157 device resources after synthesis - the final resource count might be different
    Info (21058): Implemented 10 input pins
    Info (21059): Implemented 9 output pins
    Info (21061): Implemented 138 logic cells
Info: Quartus II 64-Bit Analysis & Synthesis was successful. 0 errors, 25 warnings
    Info: Peak virtual memory: 4612 megabytes
    Info: Processing ended: Mon Jun 12 18:29:11 2023
    Info: Elapsed time: 00:00:03
    Info: Total CPU time (on all processors): 00:00:02


